<?xml version="1.0" encoding="UTF-8"?>
<itop_design xmlns:xsi="http://www.w3.org/2001/XMLSchema-instance" version="1.7">
  <classes>
    <class id="ClassWithStateButNoLifecycle">
      <properties>
        <icon>images/class-with-lifecycle.png</icon>
      </properties>
    </class>
    <class id="ClassWithStateAndLifecycle">
      <properties>
        <icon>images/class-with-lifecycle.png</icon>
      </properties>
      <lifecycle>
        <attribute>foo</attribute>
      </lifecycle>
    </class>
    <class id="ClassWithStateAndImage">
      <properties>
        <icon>images/class-with-lifecycle.png</icon>
      </properties>
    </class>
    <class id="ClassWithImageOnly">
      <properties>
        <icon>images/class-with-lifecycle.png</icon>
      </properties>
    </class>
    <class id="OtherClass">
      <properties>
        <icon revisionid="2" _delta="redefine">
          <fileref ref="company_0faae3b9d86b7c382b2e4cdae570bc3c" revisionid="62"/>
        </icon>
      </properties>
      <fields>
        <field id="status" xsi:type="AttributeEnum">
          <always_load_in_tables>true</always_load_in_tables>
          <values>
            <value id="new">new</value>
            <value id="waiting_for_approval">waiting_for_approval</value>
            <value id="approved">approved</value>
            <value id="rejected">rejected</value>
            <value id="assigned">assigned</value>
            <value id="pending">pending</value>
            <value id="escalated_tto">escalated_tto</value>
            <value id="escalated_ttr">escalated_ttr</value>
            <value id="resolved">resolved</value>
            <value id="closed">closed</value>
          </values>
          <sql>status</sql>
          <default_value>new</default_value>
          <is_null_allowed>false</is_null_allowed>
        </field>
        <field id="operational_status" xsi:type="AttributeMetaEnum">
          <values>
            <value id="ongoing">ongoing</value>
            <value id="resolved">resolved</value>
            <value id="closed">closed</value>
          </values>
          <sql>operational_status</sql>
          <default_value>ongoing</default_value>
          <mappings>
            <mapping id="Ticket">
              <attcode>status</attcode>
              <metavalues>
                <metavalue id="resolved">
                  <values>
                    <value id="resolved"/>
                  </values>
                </metavalue>
                <metavalue id="closed">
                  <values>
                    <value id="closed"/>
                    <value id="rejected"/>
                  </values>
                </metavalue>
              </metavalues>
            </mapping>
          </mappings>
        </field>
      </fields>
    </class>
  </classes>
  <menus>
    <menu id="WelcomeMenuLink1" xsi:type="WebPageMenuNode" _delta="define">
      <rank>100</rank>
      <parent>WelcomeMenu</parent>
      <url>$$http://fr.wikipedia.org/</url>
      <in_new_window>true</in_new_window>
    </menu>
    <menu id="RequestManagement" xsi:type="MenuGroup" _delta="define">
      <rank>30</rank>
      <enable_stimulus/>
    </menu>
  </menus>
  <branding>
    <main_logo _delta="define">images/itop-logo.png</main_logo>
  </branding>
</itop_design>
